[2026-02-24T13:20:16.859Z] [ERROR]: 500 - secret option required for sessions - / - GET - ::1
Stack: Error: secret option required for sessions
    at session (C:\Users\Csenge\Desktop\Webnotes\Webnotes\node_modules\express-session\index.js:211:12)
    at Layer.handle [as handle_request] (C:\Users\Csenge\Desktop\Webnotes\Webnotes\node_modules\express\lib\router\layer.js:95:5)
    at trim_prefix (C:\Users\Csenge\Desktop\Webnotes\Webnotes\node_modules\express\lib\router\index.js:328:13)
    at C:\Users\Csenge\Desktop\Webnotes\Webnotes\node_modules\express\lib\router\index.js:286:9
    at Function.process_params (C:\Users\Csenge\Desktop\Webnotes\Webnotes\node_modules\express\lib\router\index.js:346:12)
    at next (C:\Users\Csenge\Desktop\Webnotes\Webnotes\node_modules\express\lib\router\index.js:280:10)
    at SendStream.error (C:\Users\Csenge\Desktop\Webnotes\Webnotes\node_modules\serve-static\index.js:121:7)
    at SendStream.emit (node:events:519:28)
    at SendStream.error (C:\Users\Csenge\Desktop\Webnotes\Webnotes\node_modules\send\index.js:270:17)
    at SendStream.onStatError (C:\Users\Csenge\Desktop\Webnotes\Webnotes\node_modules\send\index.js:417:12)
[2026-02-24T13:20:24.792Z] [ERROR]: 500 - secret option required for sessions - / - GET - ::1
Stack: Error: secret option required for sessions
    at session (C:\Users\Csenge\Desktop\Webnotes\Webnotes\node_modules\express-session\index.js:211:12)
    at Layer.handle [as handle_request] (C:\Users\Csenge\Desktop\Webnotes\Webnotes\node_modules\express\lib\router\layer.js:95:5)
    at trim_prefix (C:\Users\Csenge\Desktop\Webnotes\Webnotes\node_modules\express\lib\router\index.js:328:13)
    at C:\Users\Csenge\Desktop\Webnotes\Webnotes\node_modules\express\lib\router\index.js:286:9
    at Function.process_params (C:\Users\Csenge\Desktop\Webnotes\Webnotes\node_modules\express\lib\router\index.js:346:12)
    at next (C:\Users\Csenge\Desktop\Webnotes\Webnotes\node_modules\express\lib\router\index.js:280:10)
    at SendStream.error (C:\Users\Csenge\Desktop\Webnotes\Webnotes\node_modules\serve-static\index.js:121:7)
    at SendStream.emit (node:events:519:28)
    at SendStream.error (C:\Users\Csenge\Desktop\Webnotes\Webnotes\node_modules\send\index.js:270:17)
    at SendStream.onStatError (C:\Users\Csenge\Desktop\Webnotes\Webnotes\node_modules\send\index.js:417:12)
[2026-02-24T13:20:25.420Z] [ERROR]: 500 - secret option required for sessions - / - GET - ::1
Stack: Error: secret option required for sessions
    at session (C:\Users\Csenge\Desktop\Webnotes\Webnotes\node_modules\express-session\index.js:211:12)
    at Layer.handle [as handle_request] (C:\Users\Csenge\Desktop\Webnotes\Webnotes\node_modules\express\lib\router\layer.js:95:5)
    at trim_prefix (C:\Users\Csenge\Desktop\Webnotes\Webnotes\node_modules\express\lib\router\index.js:328:13)
    at C:\Users\Csenge\Desktop\Webnotes\Webnotes\node_modules\express\lib\router\index.js:286:9
    at Function.process_params (C:\Users\Csenge\Desktop\Webnotes\Webnotes\node_modules\express\lib\router\index.js:346:12)
    at next (C:\Users\Csenge\Desktop\Webnotes\Webnotes\node_modules\express\lib\router\index.js:280:10)
    at SendStream.error (C:\Users\Csenge\Desktop\Webnotes\Webnotes\node_modules\serve-static\index.js:121:7)
    at SendStream.emit (node:events:519:28)
    at SendStream.error (C:\Users\Csenge\Desktop\Webnotes\Webnotes\node_modules\send\index.js:270:17)
    at SendStream.onStatError (C:\Users\Csenge\Desktop\Webnotes\Webnotes\node_modules\send\index.js:417:12)
[2026-02-24T13:20:26.263Z] [ERROR]: 500 - secret option required for sessions - / - GET - ::1
Stack: Error: secret option required for sessions
    at session (C:\Users\Csenge\Desktop\Webnotes\Webnotes\node_modules\express-session\index.js:211:12)
    at Layer.handle [as handle_request] (C:\Users\Csenge\Desktop\Webnotes\Webnotes\node_modules\express\lib\router\layer.js:95:5)
    at trim_prefix (C:\Users\Csenge\Desktop\Webnotes\Webnotes\node_modules\express\lib\router\index.js:328:13)
    at C:\Users\Csenge\Desktop\Webnotes\Webnotes\node_modules\express\lib\router\index.js:286:9
    at Function.process_params (C:\Users\Csenge\Desktop\Webnotes\Webnotes\node_modules\express\lib\router\index.js:346:12)
    at next (C:\Users\Csenge\Desktop\Webnotes\Webnotes\node_modules\express\lib\router\index.js:280:10)
    at SendStream.error (C:\Users\Csenge\Desktop\Webnotes\Webnotes\node_modules\serve-static\index.js:121:7)
    at SendStream.emit (node:events:519:28)
    at SendStream.error (C:\Users\Csenge\Desktop\Webnotes\Webnotes\node_modules\send\index.js:270:17)
    at SendStream.onStatError (C:\Users\Csenge\Desktop\Webnotes\Webnotes\node_modules\send\index.js:417:12)
[2026-02-24T13:20:45.307Z] [ERROR]: 500 - secret option required for sessions - / - GET - ::1
Stack: Error: secret option required for sessions
    at session (C:\Users\Csenge\Desktop\Webnotes\Webnotes\node_modules\express-session\index.js:211:12)
    at Layer.handle [as handle_request] (C:\Users\Csenge\Desktop\Webnotes\Webnotes\node_modules\express\lib\router\layer.js:95:5)
    at trim_prefix (C:\Users\Csenge\Desktop\Webnotes\Webnotes\node_modules\express\lib\router\index.js:328:13)
    at C:\Users\Csenge\Desktop\Webnotes\Webnotes\node_modules\express\lib\router\index.js:286:9
    at Function.process_params (C:\Users\Csenge\Desktop\Webnotes\Webnotes\node_modules\express\lib\router\index.js:346:12)
    at next (C:\Users\Csenge\Desktop\Webnotes\Webnotes\node_modules\express\lib\router\index.js:280:10)
    at SendStream.error (C:\Users\Csenge\Desktop\Webnotes\Webnotes\node_modules\serve-static\index.js:121:7)
    at SendStream.emit (node:events:519:28)
    at SendStream.error (C:\Users\Csenge\Desktop\Webnotes\Webnotes\node_modules\send\index.js:270:17)
    at SendStream.onStatError (C:\Users\Csenge\Desktop\Webnotes\Webnotes\node_modules\send\index.js:417:12)
[2026-02-24T13:23:18.392Z] [ERROR]: 500 - secret option required for sessions - / - GET - ::1
Stack: Error: secret option required for sessions
    at session (C:\Users\Csenge\Desktop\Webnotes\Webnotes\node_modules\express-session\index.js:211:12)
    at Layer.handle [as handle_request] (C:\Users\Csenge\Desktop\Webnotes\Webnotes\node_modules\express\lib\router\layer.js:95:5)
    at trim_prefix (C:\Users\Csenge\Desktop\Webnotes\Webnotes\node_modules\express\lib\router\index.js:328:13)
    at C:\Users\Csenge\Desktop\Webnotes\Webnotes\node_modules\express\lib\router\index.js:286:9
    at Function.process_params (C:\Users\Csenge\Desktop\Webnotes\Webnotes\node_modules\express\lib\router\index.js:346:12)
    at next (C:\Users\Csenge\Desktop\Webnotes\Webnotes\node_modules\express\lib\router\index.js:280:10)
    at SendStream.error (C:\Users\Csenge\Desktop\Webnotes\Webnotes\node_modules\serve-static\index.js:121:7)
    at SendStream.emit (node:events:519:28)
    at SendStream.error (C:\Users\Csenge\Desktop\Webnotes\Webnotes\node_modules\send\index.js:270:17)
    at SendStream.onStatError (C:\Users\Csenge\Desktop\Webnotes\Webnotes\node_modules\send\index.js:417:12)
[2026-02-26T14:23:03.144Z] [ERROR]: 500 - noteId is not defined - /notes/delete - POST - ::1
Stack: ReferenceError: noteId is not defined
    at remove (C:\Users\Csenge\Desktop\Webnotes\Webnotes\controllers\NotesController.js:143:64)
    at Layer.handle [as handle_request] (C:\Users\Csenge\Desktop\Webnotes\Webnotes\node_modules\express\lib\router\layer.js:95:5)
    at next (C:\Users\Csenge\Desktop\Webnotes\Webnotes\node_modules\express\lib\router\route.js:149:13)
    at requireAuth (C:\Users\Csenge\Desktop\Webnotes\Webnotes\modules\auth.js:3:12)
    at Layer.handle [as handle_request] (C:\Users\Csenge\Desktop\Webnotes\Webnotes\node_modules\express\lib\router\layer.js:95:5)
    at next (C:\Users\Csenge\Desktop\Webnotes\Webnotes\node_modules\express\lib\router\route.js:149:13)
    at Route.dispatch (C:\Users\Csenge\Desktop\Webnotes\Webnotes\node_modules\express\lib\router\route.js:119:3)
    at Layer.handle [as handle_request] (C:\Users\Csenge\Desktop\Webnotes\Webnotes\node_modules\express\lib\router\layer.js:95:5)
    at C:\Users\Csenge\Desktop\Webnotes\Webnotes\node_modules\express\lib\router\index.js:284:15
    at Function.process_params (C:\Users\Csenge\Desktop\Webnotes\Webnotes\node_modules\express\lib\router\index.js:346:12)
[2026-02-26T14:23:08.366Z] [ERROR]: 500 - noteId is not defined - /notes/delete - POST - ::1
Stack: ReferenceError: noteId is not defined
    at remove (C:\Users\Csenge\Desktop\Webnotes\Webnotes\controllers\NotesController.js:143:64)
    at Layer.handle [as handle_request] (C:\Users\Csenge\Desktop\Webnotes\Webnotes\node_modules\express\lib\router\layer.js:95:5)
    at next (C:\Users\Csenge\Desktop\Webnotes\Webnotes\node_modules\express\lib\router\route.js:149:13)
    at requireAuth (C:\Users\Csenge\Desktop\Webnotes\Webnotes\modules\auth.js:3:12)
    at Layer.handle [as handle_request] (C:\Users\Csenge\Desktop\Webnotes\Webnotes\node_modules\express\lib\router\layer.js:95:5)
    at next (C:\Users\Csenge\Desktop\Webnotes\Webnotes\node_modules\express\lib\router\route.js:149:13)
    at Route.dispatch (C:\Users\Csenge\Desktop\Webnotes\Webnotes\node_modules\express\lib\router\route.js:119:3)
    at Layer.handle [as handle_request] (C:\Users\Csenge\Desktop\Webnotes\Webnotes\node_modules\express\lib\router\layer.js:95:5)
    at C:\Users\Csenge\Desktop\Webnotes\Webnotes\node_modules\express\lib\router\index.js:284:15
    at Function.process_params (C:\Users\Csenge\Desktop\Webnotes\Webnotes\node_modules\express\lib\router\index.js:346:12)
[2026-03-17T18:42:00.471Z] [ERROR]: 500 - Lock wait timeout exceeded; try restarting transaction - / - GET - ::1
Stack: Error: Lock wait timeout exceeded; try restarting transaction
    at PromisePool.query (C:\Users\Csenge\Desktop\Webnotes\Webnotes\node_modules\express-mysql-session\node_modules\mysql2\promise.js:356:22)
    at C:\Users\Csenge\Desktop\Webnotes\Webnotes\node_modules\express-mysql-session\index.js:384:30
    at new Promise (<anonymous>)
    at MySQLStore.query (C:\Users\Csenge\Desktop\Webnotes\Webnotes\node_modules\express-mysql-session\index.js:381:10)
    at C:\Users\Csenge\Desktop\Webnotes\Webnotes\node_modules\express-mysql-session\index.js:269:16
    at process.processTicksAndRejections (node:internal/process/task_queues:95:5)
[2026-03-17T18:42:00.569Z] [ERROR]: 500 - read ECONNRESET - /notes/list - GET - ::1
Stack: Error: read ECONNRESET
    at PromisePool.query (C:\Users\Csenge\Desktop\Webnotes\Webnotes\node_modules\express-mysql-session\node_modules\mysql2\promise.js:356:22)
    at C:\Users\Csenge\Desktop\Webnotes\Webnotes\node_modules\express-mysql-session\index.js:384:30
    at new Promise (<anonymous>)
    at MySQLStore.query (C:\Users\Csenge\Desktop\Webnotes\Webnotes\node_modules\express-mysql-session\index.js:381:10)
    at C:\Users\Csenge\Desktop\Webnotes\Webnotes\node_modules\express-mysql-session\index.js:269:16
    at process.processTicksAndRejections (node:internal/process/task_queues:95:5)
[2026-03-17T18:42:00.584Z] [ERROR]: 500 - read ECONNRESET - / - GET - ::1
Stack: Error: read ECONNRESET
    at PromisePool.query (C:\Users\Csenge\Desktop\Webnotes\Webnotes\node_modules\express-mysql-session\node_modules\mysql2\promise.js:356:22)
    at C:\Users\Csenge\Desktop\Webnotes\Webnotes\node_modules\express-mysql-session\index.js:384:30
    at new Promise (<anonymous>)
    at MySQLStore.query (C:\Users\Csenge\Desktop\Webnotes\Webnotes\node_modules\express-mysql-session\index.js:381:10)
    at C:\Users\Csenge\Desktop\Webnotes\Webnotes\node_modules\express-mysql-session\index.js:269:16
    at process.processTicksAndRejections (node:internal/process/task_queues:95:5)
[2026-03-17T18:42:00.614Z] [ERROR]: 500 -  - /notes/list - GET - ::1
Stack: Error
    at PromisePool.query (C:\Users\Csenge\Desktop\Webnotes\Webnotes\node_modules\express-mysql-session\node_modules\mysql2\promise.js:356:22)
    at C:\Users\Csenge\Desktop\Webnotes\Webnotes\node_modules\express-mysql-session\index.js:384:30
    at new Promise (<anonymous>)
    at MySQLStore.query (C:\Users\Csenge\Desktop\Webnotes\Webnotes\node_modules\express-mysql-session\index.js:381:10)
    at C:\Users\Csenge\Desktop\Webnotes\Webnotes\node_modules\express-mysql-session\index.js:170:16
[2026-03-17T18:42:00.627Z] [ERROR]: 500 -  - /notes/list - GET - ::1
Stack: Error
    at PromisePool.query (C:\Users\Csenge\Desktop\Webnotes\Webnotes\node_modules\express-mysql-session\node_modules\mysql2\promise.js:356:22)
    at C:\Users\Csenge\Desktop\Webnotes\Webnotes\node_modules\express-mysql-session\index.js:384:30
    at new Promise (<anonymous>)
    at MySQLStore.query (C:\Users\Csenge\Desktop\Webnotes\Webnotes\node_modules\express-mysql-session\index.js:381:10)
    at C:\Users\Csenge\Desktop\Webnotes\Webnotes\node_modules\express-mysql-session\index.js:170:16
[2026-03-17T18:42:01.053Z] [ERROR]: 500 -  - /favicon.ico - GET - ::1
Stack: Error
    at PromisePool.query (C:\Users\Csenge\Desktop\Webnotes\Webnotes\node_modules\express-mysql-session\node_modules\mysql2\promise.js:356:22)
    at C:\Users\Csenge\Desktop\Webnotes\Webnotes\node_modules\express-mysql-session\index.js:384:30
    at new Promise (<anonymous>)
    at MySQLStore.query (C:\Users\Csenge\Desktop\Webnotes\Webnotes\node_modules\express-mysql-session\index.js:381:10)
    at C:\Users\Csenge\Desktop\Webnotes\Webnotes\node_modules\express-mysql-session\index.js:170:16
[2026-03-17T18:42:58.989Z] [ERROR]: 500 -  - / - GET - ::1
Stack: Error
    at PromisePool.query (C:\Users\Csenge\Desktop\Webnotes\Webnotes\node_modules\express-mysql-session\node_modules\mysql2\promise.js:356:22)
    at C:\Users\Csenge\Desktop\Webnotes\Webnotes\node_modules\express-mysql-session\index.js:384:30
    at new Promise (<anonymous>)
    at MySQLStore.query (C:\Users\Csenge\Desktop\Webnotes\Webnotes\node_modules\express-mysql-session\index.js:381:10)
    at C:\Users\Csenge\Desktop\Webnotes\Webnotes\node_modules\express-mysql-session\index.js:170:16
[2026-03-17T18:42:59.190Z] [ERROR]: 500 -  - /favicon.ico - GET - ::1
Stack: Error
    at PromisePool.query (C:\Users\Csenge\Desktop\Webnotes\Webnotes\node_modules\express-mysql-session\node_modules\mysql2\promise.js:356:22)
    at C:\Users\Csenge\Desktop\Webnotes\Webnotes\node_modules\express-mysql-session\index.js:384:30
    at new Promise (<anonymous>)
    at MySQLStore.query (C:\Users\Csenge\Desktop\Webnotes\Webnotes\node_modules\express-mysql-session\index.js:381:10)
    at C:\Users\Csenge\Desktop\Webnotes\Webnotes\node_modules\express-mysql-session\index.js:170:16
[2026-03-17T18:43:01.393Z] [ERROR]: 500 -  - / - GET - ::1
Stack: Error
    at PromisePool.query (C:\Users\Csenge\Desktop\Webnotes\Webnotes\node_modules\express-mysql-session\node_modules\mysql2\promise.js:356:22)
    at C:\Users\Csenge\Desktop\Webnotes\Webnotes\node_modules\express-mysql-session\index.js:384:30
    at new Promise (<anonymous>)
    at MySQLStore.query (C:\Users\Csenge\Desktop\Webnotes\Webnotes\node_modules\express-mysql-session\index.js:381:10)
    at C:\Users\Csenge\Desktop\Webnotes\Webnotes\node_modules\express-mysql-session\index.js:170:16
[2026-03-17T18:43:01.581Z] [ERROR]: 500 -  - /favicon.ico - GET - ::1
Stack: Error
    at PromisePool.query (C:\Users\Csenge\Desktop\Webnotes\Webnotes\node_modules\express-mysql-session\node_modules\mysql2\promise.js:356:22)
    at C:\Users\Csenge\Desktop\Webnotes\Webnotes\node_modules\express-mysql-session\index.js:384:30
    at new Promise (<anonymous>)
    at MySQLStore.query (C:\Users\Csenge\Desktop\Webnotes\Webnotes\node_modules\express-mysql-session\index.js:381:10)
    at C:\Users\Csenge\Desktop\Webnotes\Webnotes\node_modules\express-mysql-session\index.js:170:16
[2026-03-17T18:44:21.439Z] [ERROR]: 500 -  - / - GET - ::1
Stack: Error
    at PromisePool.query (C:\Users\Csenge\Desktop\Webnotes\Webnotes\node_modules\express-mysql-session\node_modules\mysql2\promise.js:356:22)
    at C:\Users\Csenge\Desktop\Webnotes\Webnotes\node_modules\express-mysql-session\index.js:384:30
    at new Promise (<anonymous>)
    at MySQLStore.query (C:\Users\Csenge\Desktop\Webnotes\Webnotes\node_modules\express-mysql-session\index.js:381:10)
    at C:\Users\Csenge\Desktop\Webnotes\Webnotes\node_modules\express-mysql-session\index.js:170:16
[2026-03-17T18:44:21.920Z] [ERROR]: 500 -  - /favicon.ico - GET - ::1
Stack: Error
    at PromisePool.query (C:\Users\Csenge\Desktop\Webnotes\Webnotes\node_modules\express-mysql-session\node_modules\mysql2\promise.js:356:22)
    at C:\Users\Csenge\Desktop\Webnotes\Webnotes\node_modules\express-mysql-session\index.js:384:30
    at new Promise (<anonymous>)
    at MySQLStore.query (C:\Users\Csenge\Desktop\Webnotes\Webnotes\node_modules\express-mysql-session\index.js:381:10)
    at C:\Users\Csenge\Desktop\Webnotes\Webnotes\node_modules\express-mysql-session\index.js:170:16
